// Jest Snapshot v1, https://goo.gl/fbAQLP

exports[`RangeSlider component renders correctly 1`] = `
<div>
  <div
    class="range"
  >
    <div
      class="rc-slider rangeSlider rc-slider-horizontal"
    >
      <div
        class="rc-slider-rail"
      />
      <div
        class="rc-slider-track rc-slider-track-1"
        style="left: 20%; width: 60%;"
      />
      <div
        class="rc-slider-step"
      />
      <div
        aria-disabled="false"
        aria-orientation="horizontal"
        aria-valuemax="100"
        aria-valuemin="0"
        aria-valuenow="20"
        class="rc-slider-handle rc-slider-handle-1"
        role="slider"
        style="left: 20%; transform: translateX(-50%);"
        tabindex="0"
      />
      <div
        aria-disabled="false"
        aria-orientation="horizontal"
        aria-valuemax="100"
        aria-valuemin="0"
        aria-valuenow="80"
        class="rc-slider-handle rc-slider-handle-2"
        role="slider"
        style="left: 80%; transform: translateX(-50%);"
        tabindex="0"
      />
    </div>
    <span
      class="text"
    >
      Price:
       
      <span
        class="textValue"
      >
        20
         - 
        80
      </span>
    </span>
  </div>
</div>
`;
